// Jest Snapshot v1, https://goo.gl/fbAQLP

exports[`JaiminisBox getSeries returns series metadata 1`] = `
Object {
  "author": "MIZUSHINA Takayuki",
  "coverImageUrl": "https://i1.wp.com/jaiminisbox.com/reader/content/comics/itoshi-no-muco_586c3e495e85d/thumb_mucothumbnailresized.jpg",
  "description": "The happy daily life of Muco, a not-too-bright Akita dog, and his owner Komatsu-san the glass-blower. Based on a real dog of the same name. (Mangaupdates)
",
  "id": "jaiminis-box:itoshi-no-muco",
  "site": Object {
    "id": "jaiminis-box",
    "name": "Jaimini’s Box",
  },
  "slug": "itoshi-no-muco",
  "status": "UNKNOWN",
  "supportsReading": true,
  "title": "Itoshi no Muco",
  "updatedAt": Any<Number>,
  "url": "http://localhost:57154/reader/series/itoshi-no-muco",
}
`;

exports[`JaiminisBox getSeries returns series metadata 2`] = `
Array [
  Object {
    "chapterNumber": "8",
    "createdAt": 1487750400,
    "id": "jaiminis-box:itoshi-no-muco:en/0/8",
    "slug": "en/0/8",
    "title": "Friend!",
    "url": "https://jaiminisbox.com/reader/read/itoshi-no-muco/en/0/8/",
    "volumeNumber": "0",
  },
  Object {
    "chapterNumber": "4",
    "createdAt": 1483516800,
    "id": "jaiminis-box:itoshi-no-muco:en/0/4",
    "slug": "en/0/4",
    "title": "Walk!",
    "url": "https://jaiminisbox.com/reader/read/itoshi-no-muco/en/0/4/",
    "volumeNumber": "0",
  },
]
`;
