// Jest Snapshot v1, https://goo.gl/fbAQLP

exports[`JaiminisBoxAdapter getSeries returns series metadata 1`] = `
Object {
  "coverImageUrl": "https://i1.wp.com/jaiminisbox.com/reader/content/comics/itoshi-no-muco_586c3e495e85d/thumb_mucothumbnailresized.jpg",
  "slug": "itoshi-no-muco",
  "title": "Itoshi no Muco",
  "url": "http://localhost:57154/reader/series/itoshi-no-muco",
}
`;

exports[`JaiminisBoxAdapter getSeries returns series metadata 2`] = `
Array [
  Object {
    "chapterNumber": "8",
    "createdAt": 1487750400,
    "slug": "en/0/8",
    "title": "Friend!",
    "url": "https://jaiminisbox.com/reader/read/itoshi-no-muco/en/0/8/",
    "volumeNumber": "0",
  },
  Object {
    "chapterNumber": "4",
    "createdAt": 1483516800,
    "slug": "en/0/4",
    "title": "Walk!",
    "url": "https://jaiminisbox.com/reader/read/itoshi-no-muco/en/0/4/",
    "volumeNumber": "0",
  },
]
`;
