// Jest Snapshot v1, https://goo.gl/fbAQLP

exports[`KireiCakeAdapter getSeries returns a metadata object 1`] = `
Object {
  "slug": "masamunekuns_revenge",
  "title": "Masamune-kun's Revenge",
  "url": "https://reader.kireicake.com/series/masamunekuns_revenge",
}
`;

exports[`KireiCakeAdapter getSeries returns a metadata object 2`] = `
Array [
  Object {
    "chapterNumber": "47",
    "createdAt": 1525765063,
    "slug": "en/0/47",
    "url": "https://reader.kireicake.com/read/masamunekuns_revenge/en/0/47/page/1",
    "volumeNumber": "0",
  },
]
`;
