// Jest Snapshot v1, https://goo.gl/fbAQLP

exports[`MangaStreamAdapter getChapter returns a list of pages 1`] = `
Array [
  Object {
    "height": 1200,
    "id": "01.png",
    "url": "https://img.mangastream.com/cdn/manga/149/4622/01.png",
    "width": 789,
  },
  Object {
    "height": 800,
    "id": "01a.jpg",
    "url": "https://img.mangastream.com/cdn/manga/149/4622/01a.jpg",
    "width": 800,
  },
  Object {
    "height": 1200,
    "id": "02.png",
    "url": "https://img.mangastream.com/cdn/manga/149/4622/02.png",
    "width": 789,
  },
  Object {
    "height": 1200,
    "id": "03.png",
    "url": "https://img.mangastream.com/cdn/manga/149/4622/03.png",
    "width": 789,
  },
  Object {
    "height": 1200,
    "id": "04.png",
    "url": "https://img.mangastream.com/cdn/manga/149/4622/04.png",
    "width": 789,
  },
  Object {
    "height": 1200,
    "id": "05.png",
    "url": "https://img.mangastream.com/cdn/manga/149/4622/05.png",
    "width": 789,
  },
  Object {
    "height": 1200,
    "id": "06.png",
    "url": "https://img.mangastream.com/cdn/manga/149/4622/06.png",
    "width": 789,
  },
  Object {
    "height": 1200,
    "id": "07.png",
    "url": "https://img.mangastream.com/cdn/manga/149/4622/07.png",
    "width": 789,
  },
  Object {
    "height": 1200,
    "id": "08.png",
    "url": "https://img.mangastream.com/cdn/manga/149/4622/08.png",
    "width": 789,
  },
  Object {
    "height": 1200,
    "id": "09.png",
    "url": "https://img.mangastream.com/cdn/manga/149/4622/09.png",
    "width": 789,
  },
  Object {
    "height": 1200,
    "id": "10.png",
    "url": "https://img.mangastream.com/cdn/manga/149/4622/10.png",
    "width": 789,
  },
  Object {
    "height": 1200,
    "id": "11.png",
    "url": "https://img.mangastream.com/cdn/manga/149/4622/11.png",
    "width": 789,
  },
  Object {
    "height": 1200,
    "id": "12.png",
    "url": "https://img.mangastream.com/cdn/manga/149/4622/12.png",
    "width": 789,
  },
  Object {
    "height": 1200,
    "id": "13.png",
    "url": "https://img.mangastream.com/cdn/manga/149/4622/13.png",
    "width": 789,
  },
  Object {
    "height": 1200,
    "id": "14-15.png",
    "url": "https://img.mangastream.com/cdn/manga/149/4622/14-15.png",
    "width": 1581,
  },
  Object {
    "height": 1200,
    "id": "16.png",
    "url": "https://img.mangastream.com/cdn/manga/149/4622/16.png",
    "width": 789,
  },
  Object {
    "height": 1200,
    "id": "17.png",
    "url": "https://img.mangastream.com/cdn/manga/149/4622/17.png",
    "width": 789,
  },
  Object {
    "height": 1200,
    "id": "18.png",
    "url": "https://img.mangastream.com/cdn/manga/149/4622/18.png",
    "width": 789,
  },
  Object {
    "height": 1200,
    "id": "19.png",
    "url": "https://img.mangastream.com/cdn/manga/149/4622/19.png",
    "width": 789,
  },
  Object {
    "height": 1200,
    "id": "20.png",
    "url": "https://img.mangastream.com/cdn/manga/149/4622/20.png",
    "width": 789,
  },
  Object {
    "height": 1200,
    "id": "21.png",
    "url": "https://img.mangastream.com/cdn/manga/149/4622/21.png",
    "width": 789,
  },
  Object {
    "height": 1200,
    "id": "22.png",
    "url": "https://img.mangastream.com/cdn/manga/149/4622/22.png",
    "width": 789,
  },
  Object {
    "height": 1200,
    "id": "23.png",
    "url": "https://img.mangastream.com/cdn/manga/149/4622/23.png",
    "width": 789,
  },
  Object {
    "height": 1200,
    "id": "24.png",
    "url": "https://img.mangastream.com/cdn/manga/149/4622/24.png",
    "width": 789,
  },
  Object {
    "height": 1200,
    "id": "25.png",
    "url": "https://img.mangastream.com/cdn/manga/149/4622/25.png",
    "width": 789,
  },
  Object {
    "height": 1200,
    "id": "261.png",
    "url": "https://img.mangastream.com/cdn/manga/149/4622/261.png",
    "width": 789,
  },
]
`;

exports[`MangaStreamAdapter getSeries returns a metadata object 1`] = `
Object {
  "slug": "shokugeki_no_souma",
  "title": "Shokugeki no Souma",
  "url": "https://readms.net/manga/shokugeki_no_souma",
}
`;

exports[`MangaStreamAdapter getSeries returns a metadata object 2`] = `
Array [
  Object {
    "chapterNumber": "264",
    "createdAt": 1527206400,
    "slug": "264/5101",
    "title": "From: Tadokoro Megumi",
    "url": "https://readms.net/r/shokugeki_no_souma/264/5101",
  },
]
`;
