// Jest Snapshot v1, https://goo.gl/fbAQLP

exports[`MangaHereAdapter getSeries returns a metadata object 1`] = `
Object {
  "coverImageUrl": "https://l.mangatown.com/store/manga/15237/cover.jpg?token=452a310c0187b47efbc126051e37bca274564e0d&ttl=1534215600&v=1533018597",
  "slug": "urami_koi_koi_urami_koi",
  "title": "Urami Koi, Koi, Urami Koi.",
  "url": "http://localhost:57157/manga/urami_koi_koi_urami_koi",
}
`;

exports[`MangaHereAdapter getSeries returns a metadata object 2`] = `
Array [
  Object {
    "chapterNumber": "13",
    "createdAt": 1449993600,
    "slug": "c013",
    "title": "Love is Like an Ox",
    "url": "http://localhost:57157/manga/urami_koi_koi_urami_koi/c013",
  },
]
`;
