// Jest Snapshot v1, https://goo.gl/fbAQLP

exports[`MangaDex getSeries returns a metadata object 1`] = `
Object {
  "author": "Akitaka",
  "coverImageUrl": "https://mangadex.org/images/manga/13127.large.jpg?1545555212",
  "description": "The Twelve City, a land governed by the leaders of the families who bear in their names the Chinese zodiac. In a city where youkai and humans coexist, the cat youkai who holds a grudge against the Rat Family appears in front of Nekuni Kyouichi, the head of the Rat Family. It's a malice-covered Hateful cat who is aiming for his life. But that youkai is Nekogasaki Natsuho, who's also extremely anxious around other people... Just like the saying \\"Curiosity killed the cat\\" goes, will these feelings also kill the cat?",
  "id": "mangadex:13127",
  "site": Object {
    "id": "mangadex",
    "name": "Mangadex",
  },
  "slug": "13127",
  "status": "ONGOING",
  "supportsReading": true,
  "title": "Uramikoi, Koi, Uramikoi.",
  "updatedAt": Any<Number>,
  "url": "https://mangadex.org/title/13127",
}
`;

exports[`MangaDex getSeries returns a metadata object 2`] = `
Array [
  Object {
    "chapterNumber": "8",
    "createdAt": 1517705219,
    "id": "mangadex:13127:37089",
    "order": 8,
    "slug": "37089",
    "title": "Where the Cat Goes, the Dog will Follow",
    "url": "https://mangadex.org/chapter/37089",
    "volumeNumber": "2",
  },
  Object {
    "chapterNumber": "2",
    "createdAt": 1517704912,
    "id": "mangadex:13127:37060",
    "order": 2,
    "slug": "37060",
    "title": "A Cornered Rat Will Even Bite a Rat",
    "url": "https://mangadex.org/chapter/37060",
    "volumeNumber": "1",
  },
]
`;
