// Jest Snapshot v1, https://goo.gl/fbAQLP

exports[`MerakiScansAdapter getSeries returns a metadata object 1`] = `
Object {
  "coverImageUrl": "http://merakiscans.com/wp-content/manga/cover/tbn/ninja_200x0.jpg",
  "slug": "ninja-shinobu-san-no-junjou",
  "title": "Ninja Shinobu-san no Junjou",
  "url": "http://localhost:57165/ninja-shinobu-san-no-junjou",
}
`;

exports[`MerakiScansAdapter getSeries returns a metadata object 2`] = `
Array [
  Object {
    "chapterNumber": "21",
    "createdAt": 1504981521,
    "slug": "21",
    "title": "You are just!",
    "url": "http://localhost:57165/ninja-shinobu-san-no-junjou/21",
  },
]
`;
