// Jest Snapshot v1, https://goo.gl/fbAQLP

exports[`PhoenixSerenade getSeries returns a metadata object 1`] = `
Object {
  "author": "HYUUGA Natsu, NANAO Ikki, Nekokurage",
  "coverImageUrl": undefined,
  "description": "In the imperial court, a young woman is put into servitude, Maomao. The tale is just beginning for the woman doctor/pharmacist from the red-light district, as rumors circulate about the emperor's children's lives being short-lived. Her curious nature and thirst for knowledge pushes her to action. To satisfy her curiosity, this young doctor/pharmacist will investigate the origin! What is shifting in the imperial court..!?

http://www.jp.square-enix.com/magazine/biggangan/introduction/kusuriya/",
  "id": "phoenix-serenade:kusuriya-no-hitorigoto",
  "site": Object {
    "id": "phoenix-serenade",
    "name": "Phoenix Serenade",
  },
  "slug": "kusuriya-no-hitorigoto",
  "status": "UNKNOWN",
  "supportsReading": true,
  "title": "Kusuriya no Hitorigoto",
  "updatedAt": Any<Number>,
  "url": "http://localhost:57166/series/kusuriya-no-hitorigoto",
}
`;

exports[`PhoenixSerenade getSeries returns a metadata object 2`] = `
Array [
  Object {
    "chapterNumber": "11",
    "createdAt": 1526538824,
    "id": "phoenix-serenade:kusuriya-no-hitorigoto:en/0/11",
    "order": 5,
    "slug": "en/0/11",
    "title": undefined,
    "url": "http://localhost:57166/read/kusuriya-no-hitorigoto/en/0/11/page/1",
    "volumeNumber": "0",
  },
  Object {
    "chapterNumber": "7",
    "createdAt": 1513954489,
    "id": "phoenix-serenade:kusuriya-no-hitorigoto:en/0/7",
    "order": 1,
    "slug": "en/0/7",
    "title": undefined,
    "url": "http://localhost:57166/read/kusuriya-no-hitorigoto/en/0/7/page/1",
    "volumeNumber": "0",
  },
]
`;
