// Jest Snapshot v1, https://goo.gl/fbAQLP

exports[`SenMangaAdapter getChapter returns a list of pages 1`] = `
Array [
  Object {
    "id": "https://poketo-image-proxy.now.sh?url=https%3A%2F%2Fraw.senmanga.com%2Fviewer%2FYotsubato%21%2F82%2F1%3Ftoken%3D12norzsrobp2l.130zoyfhm87ff&headers=%7B%22Referer%22%3A%22http%3A%2F%2Flocalhost%3A57172%2FYotsubato%21%2F82%22%2C%22Cookie%22%3A%22PHPSESSID%3Dhb1jn72kbom4ketd0igvujdop5%22%7D",
    "url": "https://poketo-image-proxy.now.sh?url=https%3A%2F%2Fraw.senmanga.com%2Fviewer%2FYotsubato%21%2F82%2F1%3Ftoken%3D12norzsrobp2l.130zoyfhm87ff&headers=%7B%22Referer%22%3A%22http%3A%2F%2Flocalhost%3A57172%2FYotsubato%21%2F82%22%2C%22Cookie%22%3A%22PHPSESSID%3Dhb1jn72kbom4ketd0igvujdop5%22%7D",
  },
  Object {
    "id": "https://poketo-image-proxy.now.sh?url=https%3A%2F%2Fraw.senmanga.com%2Fviewer%2FYotsubato%21%2F82%2F2%3Ftoken%3D12norzsrobp2l.130zoyfhm87ff&headers=%7B%22Referer%22%3A%22http%3A%2F%2Flocalhost%3A57172%2FYotsubato%21%2F82%22%2C%22Cookie%22%3A%22PHPSESSID%3Dhb1jn72kbom4ketd0igvujdop5%22%7D",
    "url": "https://poketo-image-proxy.now.sh?url=https%3A%2F%2Fraw.senmanga.com%2Fviewer%2FYotsubato%21%2F82%2F2%3Ftoken%3D12norzsrobp2l.130zoyfhm87ff&headers=%7B%22Referer%22%3A%22http%3A%2F%2Flocalhost%3A57172%2FYotsubato%21%2F82%22%2C%22Cookie%22%3A%22PHPSESSID%3Dhb1jn72kbom4ketd0igvujdop5%22%7D",
  },
  Object {
    "id": "https://poketo-image-proxy.now.sh?url=https%3A%2F%2Fraw.senmanga.com%2Fviewer%2FYotsubato%21%2F82%2F3%3Ftoken%3D12norzsrobp2l.130zoyfhm87ff&headers=%7B%22Referer%22%3A%22http%3A%2F%2Flocalhost%3A57172%2FYotsubato%21%2F82%22%2C%22Cookie%22%3A%22PHPSESSID%3Dhb1jn72kbom4ketd0igvujdop5%22%7D",
    "url": "https://poketo-image-proxy.now.sh?url=https%3A%2F%2Fraw.senmanga.com%2Fviewer%2FYotsubato%21%2F82%2F3%3Ftoken%3D12norzsrobp2l.130zoyfhm87ff&headers=%7B%22Referer%22%3A%22http%3A%2F%2Flocalhost%3A57172%2FYotsubato%21%2F82%22%2C%22Cookie%22%3A%22PHPSESSID%3Dhb1jn72kbom4ketd0igvujdop5%22%7D",
  },
  Object {
    "id": "https://poketo-image-proxy.now.sh?url=https%3A%2F%2Fraw.senmanga.com%2Fviewer%2FYotsubato%21%2F82%2F4%3Ftoken%3D12norzsrobp2l.130zoyfhm87ff&headers=%7B%22Referer%22%3A%22http%3A%2F%2Flocalhost%3A57172%2FYotsubato%21%2F82%22%2C%22Cookie%22%3A%22PHPSESSID%3Dhb1jn72kbom4ketd0igvujdop5%22%7D",
    "url": "https://poketo-image-proxy.now.sh?url=https%3A%2F%2Fraw.senmanga.com%2Fviewer%2FYotsubato%21%2F82%2F4%3Ftoken%3D12norzsrobp2l.130zoyfhm87ff&headers=%7B%22Referer%22%3A%22http%3A%2F%2Flocalhost%3A57172%2FYotsubato%21%2F82%22%2C%22Cookie%22%3A%22PHPSESSID%3Dhb1jn72kbom4ketd0igvujdop5%22%7D",
  },
  Object {
    "id": "https://poketo-image-proxy.now.sh?url=https%3A%2F%2Fraw.senmanga.com%2Fviewer%2FYotsubato%21%2F82%2F5%3Ftoken%3D12norzsrobp2l.130zoyfhm87ff&headers=%7B%22Referer%22%3A%22http%3A%2F%2Flocalhost%3A57172%2FYotsubato%21%2F82%22%2C%22Cookie%22%3A%22PHPSESSID%3Dhb1jn72kbom4ketd0igvujdop5%22%7D",
    "url": "https://poketo-image-proxy.now.sh?url=https%3A%2F%2Fraw.senmanga.com%2Fviewer%2FYotsubato%21%2F82%2F5%3Ftoken%3D12norzsrobp2l.130zoyfhm87ff&headers=%7B%22Referer%22%3A%22http%3A%2F%2Flocalhost%3A57172%2FYotsubato%21%2F82%22%2C%22Cookie%22%3A%22PHPSESSID%3Dhb1jn72kbom4ketd0igvujdop5%22%7D",
  },
  Object {
    "id": "https://poketo-image-proxy.now.sh?url=https%3A%2F%2Fraw.senmanga.com%2Fviewer%2FYotsubato%21%2F82%2F6%3Ftoken%3D12norzsrobp2l.130zoyfhm87ff&headers=%7B%22Referer%22%3A%22http%3A%2F%2Flocalhost%3A57172%2FYotsubato%21%2F82%22%2C%22Cookie%22%3A%22PHPSESSID%3Dhb1jn72kbom4ketd0igvujdop5%22%7D",
    "url": "https://poketo-image-proxy.now.sh?url=https%3A%2F%2Fraw.senmanga.com%2Fviewer%2FYotsubato%21%2F82%2F6%3Ftoken%3D12norzsrobp2l.130zoyfhm87ff&headers=%7B%22Referer%22%3A%22http%3A%2F%2Flocalhost%3A57172%2FYotsubato%21%2F82%22%2C%22Cookie%22%3A%22PHPSESSID%3Dhb1jn72kbom4ketd0igvujdop5%22%7D",
  },
  Object {
    "id": "https://poketo-image-proxy.now.sh?url=https%3A%2F%2Fraw.senmanga.com%2Fviewer%2FYotsubato%21%2F82%2F7%3Ftoken%3D12norzsrobp2l.130zoyfhm87ff&headers=%7B%22Referer%22%3A%22http%3A%2F%2Flocalhost%3A57172%2FYotsubato%21%2F82%22%2C%22Cookie%22%3A%22PHPSESSID%3Dhb1jn72kbom4ketd0igvujdop5%22%7D",
    "url": "https://poketo-image-proxy.now.sh?url=https%3A%2F%2Fraw.senmanga.com%2Fviewer%2FYotsubato%21%2F82%2F7%3Ftoken%3D12norzsrobp2l.130zoyfhm87ff&headers=%7B%22Referer%22%3A%22http%3A%2F%2Flocalhost%3A57172%2FYotsubato%21%2F82%22%2C%22Cookie%22%3A%22PHPSESSID%3Dhb1jn72kbom4ketd0igvujdop5%22%7D",
  },
  Object {
    "id": "https://poketo-image-proxy.now.sh?url=https%3A%2F%2Fraw.senmanga.com%2Fviewer%2FYotsubato%21%2F82%2F8%3Ftoken%3D12norzsrobp2l.130zoyfhm87ff&headers=%7B%22Referer%22%3A%22http%3A%2F%2Flocalhost%3A57172%2FYotsubato%21%2F82%22%2C%22Cookie%22%3A%22PHPSESSID%3Dhb1jn72kbom4ketd0igvujdop5%22%7D",
    "url": "https://poketo-image-proxy.now.sh?url=https%3A%2F%2Fraw.senmanga.com%2Fviewer%2FYotsubato%21%2F82%2F8%3Ftoken%3D12norzsrobp2l.130zoyfhm87ff&headers=%7B%22Referer%22%3A%22http%3A%2F%2Flocalhost%3A57172%2FYotsubato%21%2F82%22%2C%22Cookie%22%3A%22PHPSESSID%3Dhb1jn72kbom4ketd0igvujdop5%22%7D",
  },
  Object {
    "id": "https://poketo-image-proxy.now.sh?url=https%3A%2F%2Fraw.senmanga.com%2Fviewer%2FYotsubato%21%2F82%2F9%3Ftoken%3D12norzsrobp2l.130zoyfhm87ff&headers=%7B%22Referer%22%3A%22http%3A%2F%2Flocalhost%3A57172%2FYotsubato%21%2F82%22%2C%22Cookie%22%3A%22PHPSESSID%3Dhb1jn72kbom4ketd0igvujdop5%22%7D",
    "url": "https://poketo-image-proxy.now.sh?url=https%3A%2F%2Fraw.senmanga.com%2Fviewer%2FYotsubato%21%2F82%2F9%3Ftoken%3D12norzsrobp2l.130zoyfhm87ff&headers=%7B%22Referer%22%3A%22http%3A%2F%2Flocalhost%3A57172%2FYotsubato%21%2F82%22%2C%22Cookie%22%3A%22PHPSESSID%3Dhb1jn72kbom4ketd0igvujdop5%22%7D",
  },
  Object {
    "id": "https://poketo-image-proxy.now.sh?url=https%3A%2F%2Fraw.senmanga.com%2Fviewer%2FYotsubato%21%2F82%2F10%3Ftoken%3D12norzsrobp2l.130zoyfhm87ff&headers=%7B%22Referer%22%3A%22http%3A%2F%2Flocalhost%3A57172%2FYotsubato%21%2F82%22%2C%22Cookie%22%3A%22PHPSESSID%3Dhb1jn72kbom4ketd0igvujdop5%22%7D",
    "url": "https://poketo-image-proxy.now.sh?url=https%3A%2F%2Fraw.senmanga.com%2Fviewer%2FYotsubato%21%2F82%2F10%3Ftoken%3D12norzsrobp2l.130zoyfhm87ff&headers=%7B%22Referer%22%3A%22http%3A%2F%2Flocalhost%3A57172%2FYotsubato%21%2F82%22%2C%22Cookie%22%3A%22PHPSESSID%3Dhb1jn72kbom4ketd0igvujdop5%22%7D",
  },
  Object {
    "id": "https://poketo-image-proxy.now.sh?url=https%3A%2F%2Fraw.senmanga.com%2Fviewer%2FYotsubato%21%2F82%2F11%3Ftoken%3D12norzsrobp2l.130zoyfhm87ff&headers=%7B%22Referer%22%3A%22http%3A%2F%2Flocalhost%3A57172%2FYotsubato%21%2F82%22%2C%22Cookie%22%3A%22PHPSESSID%3Dhb1jn72kbom4ketd0igvujdop5%22%7D",
    "url": "https://poketo-image-proxy.now.sh?url=https%3A%2F%2Fraw.senmanga.com%2Fviewer%2FYotsubato%21%2F82%2F11%3Ftoken%3D12norzsrobp2l.130zoyfhm87ff&headers=%7B%22Referer%22%3A%22http%3A%2F%2Flocalhost%3A57172%2FYotsubato%21%2F82%22%2C%22Cookie%22%3A%22PHPSESSID%3Dhb1jn72kbom4ketd0igvujdop5%22%7D",
  },
  Object {
    "id": "https://poketo-image-proxy.now.sh?url=https%3A%2F%2Fraw.senmanga.com%2Fviewer%2FYotsubato%21%2F82%2F12%3Ftoken%3D12norzsrobp2l.130zoyfhm87ff&headers=%7B%22Referer%22%3A%22http%3A%2F%2Flocalhost%3A57172%2FYotsubato%21%2F82%22%2C%22Cookie%22%3A%22PHPSESSID%3Dhb1jn72kbom4ketd0igvujdop5%22%7D",
    "url": "https://poketo-image-proxy.now.sh?url=https%3A%2F%2Fraw.senmanga.com%2Fviewer%2FYotsubato%21%2F82%2F12%3Ftoken%3D12norzsrobp2l.130zoyfhm87ff&headers=%7B%22Referer%22%3A%22http%3A%2F%2Flocalhost%3A57172%2FYotsubato%21%2F82%22%2C%22Cookie%22%3A%22PHPSESSID%3Dhb1jn72kbom4ketd0igvujdop5%22%7D",
  },
  Object {
    "id": "https://poketo-image-proxy.now.sh?url=https%3A%2F%2Fraw.senmanga.com%2Fviewer%2FYotsubato%21%2F82%2F13%3Ftoken%3D12norzsrobp2l.130zoyfhm87ff&headers=%7B%22Referer%22%3A%22http%3A%2F%2Flocalhost%3A57172%2FYotsubato%21%2F82%22%2C%22Cookie%22%3A%22PHPSESSID%3Dhb1jn72kbom4ketd0igvujdop5%22%7D",
    "url": "https://poketo-image-proxy.now.sh?url=https%3A%2F%2Fraw.senmanga.com%2Fviewer%2FYotsubato%21%2F82%2F13%3Ftoken%3D12norzsrobp2l.130zoyfhm87ff&headers=%7B%22Referer%22%3A%22http%3A%2F%2Flocalhost%3A57172%2FYotsubato%21%2F82%22%2C%22Cookie%22%3A%22PHPSESSID%3Dhb1jn72kbom4ketd0igvujdop5%22%7D",
  },
  Object {
    "id": "https://poketo-image-proxy.now.sh?url=https%3A%2F%2Fraw.senmanga.com%2Fviewer%2FYotsubato%21%2F82%2F14%3Ftoken%3D12norzsrobp2l.130zoyfhm87ff&headers=%7B%22Referer%22%3A%22http%3A%2F%2Flocalhost%3A57172%2FYotsubato%21%2F82%22%2C%22Cookie%22%3A%22PHPSESSID%3Dhb1jn72kbom4ketd0igvujdop5%22%7D",
    "url": "https://poketo-image-proxy.now.sh?url=https%3A%2F%2Fraw.senmanga.com%2Fviewer%2FYotsubato%21%2F82%2F14%3Ftoken%3D12norzsrobp2l.130zoyfhm87ff&headers=%7B%22Referer%22%3A%22http%3A%2F%2Flocalhost%3A57172%2FYotsubato%21%2F82%22%2C%22Cookie%22%3A%22PHPSESSID%3Dhb1jn72kbom4ketd0igvujdop5%22%7D",
  },
  Object {
    "id": "https://poketo-image-proxy.now.sh?url=https%3A%2F%2Fraw.senmanga.com%2Fviewer%2FYotsubato%21%2F82%2F15%3Ftoken%3D12norzsrobp2l.130zoyfhm87ff&headers=%7B%22Referer%22%3A%22http%3A%2F%2Flocalhost%3A57172%2FYotsubato%21%2F82%22%2C%22Cookie%22%3A%22PHPSESSID%3Dhb1jn72kbom4ketd0igvujdop5%22%7D",
    "url": "https://poketo-image-proxy.now.sh?url=https%3A%2F%2Fraw.senmanga.com%2Fviewer%2FYotsubato%21%2F82%2F15%3Ftoken%3D12norzsrobp2l.130zoyfhm87ff&headers=%7B%22Referer%22%3A%22http%3A%2F%2Flocalhost%3A57172%2FYotsubato%21%2F82%22%2C%22Cookie%22%3A%22PHPSESSID%3Dhb1jn72kbom4ketd0igvujdop5%22%7D",
  },
  Object {
    "id": "https://poketo-image-proxy.now.sh?url=https%3A%2F%2Fraw.senmanga.com%2Fviewer%2FYotsubato%21%2F82%2F16%3Ftoken%3D12norzsrobp2l.130zoyfhm87ff&headers=%7B%22Referer%22%3A%22http%3A%2F%2Flocalhost%3A57172%2FYotsubato%21%2F82%22%2C%22Cookie%22%3A%22PHPSESSID%3Dhb1jn72kbom4ketd0igvujdop5%22%7D",
    "url": "https://poketo-image-proxy.now.sh?url=https%3A%2F%2Fraw.senmanga.com%2Fviewer%2FYotsubato%21%2F82%2F16%3Ftoken%3D12norzsrobp2l.130zoyfhm87ff&headers=%7B%22Referer%22%3A%22http%3A%2F%2Flocalhost%3A57172%2FYotsubato%21%2F82%22%2C%22Cookie%22%3A%22PHPSESSID%3Dhb1jn72kbom4ketd0igvujdop5%22%7D",
  },
  Object {
    "id": "https://poketo-image-proxy.now.sh?url=https%3A%2F%2Fraw.senmanga.com%2Fviewer%2FYotsubato%21%2F82%2F17%3Ftoken%3D12norzsrobp2l.130zoyfhm87ff&headers=%7B%22Referer%22%3A%22http%3A%2F%2Flocalhost%3A57172%2FYotsubato%21%2F82%22%2C%22Cookie%22%3A%22PHPSESSID%3Dhb1jn72kbom4ketd0igvujdop5%22%7D",
    "url": "https://poketo-image-proxy.now.sh?url=https%3A%2F%2Fraw.senmanga.com%2Fviewer%2FYotsubato%21%2F82%2F17%3Ftoken%3D12norzsrobp2l.130zoyfhm87ff&headers=%7B%22Referer%22%3A%22http%3A%2F%2Flocalhost%3A57172%2FYotsubato%21%2F82%22%2C%22Cookie%22%3A%22PHPSESSID%3Dhb1jn72kbom4ketd0igvujdop5%22%7D",
  },
  Object {
    "id": "https://poketo-image-proxy.now.sh?url=https%3A%2F%2Fraw.senmanga.com%2Fviewer%2FYotsubato%21%2F82%2F18%3Ftoken%3D12norzsrobp2l.130zoyfhm87ff&headers=%7B%22Referer%22%3A%22http%3A%2F%2Flocalhost%3A57172%2FYotsubato%21%2F82%22%2C%22Cookie%22%3A%22PHPSESSID%3Dhb1jn72kbom4ketd0igvujdop5%22%7D",
    "url": "https://poketo-image-proxy.now.sh?url=https%3A%2F%2Fraw.senmanga.com%2Fviewer%2FYotsubato%21%2F82%2F18%3Ftoken%3D12norzsrobp2l.130zoyfhm87ff&headers=%7B%22Referer%22%3A%22http%3A%2F%2Flocalhost%3A57172%2FYotsubato%21%2F82%22%2C%22Cookie%22%3A%22PHPSESSID%3Dhb1jn72kbom4ketd0igvujdop5%22%7D",
  },
  Object {
    "id": "https://poketo-image-proxy.now.sh?url=https%3A%2F%2Fraw.senmanga.com%2Fviewer%2FYotsubato%21%2F82%2F19%3Ftoken%3D12norzsrobp2l.130zoyfhm87ff&headers=%7B%22Referer%22%3A%22http%3A%2F%2Flocalhost%3A57172%2FYotsubato%21%2F82%22%2C%22Cookie%22%3A%22PHPSESSID%3Dhb1jn72kbom4ketd0igvujdop5%22%7D",
    "url": "https://poketo-image-proxy.now.sh?url=https%3A%2F%2Fraw.senmanga.com%2Fviewer%2FYotsubato%21%2F82%2F19%3Ftoken%3D12norzsrobp2l.130zoyfhm87ff&headers=%7B%22Referer%22%3A%22http%3A%2F%2Flocalhost%3A57172%2FYotsubato%21%2F82%22%2C%22Cookie%22%3A%22PHPSESSID%3Dhb1jn72kbom4ketd0igvujdop5%22%7D",
  },
  Object {
    "id": "https://poketo-image-proxy.now.sh?url=https%3A%2F%2Fraw.senmanga.com%2Fviewer%2FYotsubato%21%2F82%2F20%3Ftoken%3D12norzsrobp2l.130zoyfhm87ff&headers=%7B%22Referer%22%3A%22http%3A%2F%2Flocalhost%3A57172%2FYotsubato%21%2F82%22%2C%22Cookie%22%3A%22PHPSESSID%3Dhb1jn72kbom4ketd0igvujdop5%22%7D",
    "url": "https://poketo-image-proxy.now.sh?url=https%3A%2F%2Fraw.senmanga.com%2Fviewer%2FYotsubato%21%2F82%2F20%3Ftoken%3D12norzsrobp2l.130zoyfhm87ff&headers=%7B%22Referer%22%3A%22http%3A%2F%2Flocalhost%3A57172%2FYotsubato%21%2F82%22%2C%22Cookie%22%3A%22PHPSESSID%3Dhb1jn72kbom4ketd0igvujdop5%22%7D",
  },
  Object {
    "id": "https://poketo-image-proxy.now.sh?url=https%3A%2F%2Fraw.senmanga.com%2Fviewer%2FYotsubato%21%2F82%2F21%3Ftoken%3D12norzsrobp2l.130zoyfhm87ff&headers=%7B%22Referer%22%3A%22http%3A%2F%2Flocalhost%3A57172%2FYotsubato%21%2F82%22%2C%22Cookie%22%3A%22PHPSESSID%3Dhb1jn72kbom4ketd0igvujdop5%22%7D",
    "url": "https://poketo-image-proxy.now.sh?url=https%3A%2F%2Fraw.senmanga.com%2Fviewer%2FYotsubato%21%2F82%2F21%3Ftoken%3D12norzsrobp2l.130zoyfhm87ff&headers=%7B%22Referer%22%3A%22http%3A%2F%2Flocalhost%3A57172%2FYotsubato%21%2F82%22%2C%22Cookie%22%3A%22PHPSESSID%3Dhb1jn72kbom4ketd0igvujdop5%22%7D",
  },
  Object {
    "id": "https://poketo-image-proxy.now.sh?url=https%3A%2F%2Fraw.senmanga.com%2Fviewer%2FYotsubato%21%2F82%2F22%3Ftoken%3D12norzsrobp2l.130zoyfhm87ff&headers=%7B%22Referer%22%3A%22http%3A%2F%2Flocalhost%3A57172%2FYotsubato%21%2F82%22%2C%22Cookie%22%3A%22PHPSESSID%3Dhb1jn72kbom4ketd0igvujdop5%22%7D",
    "url": "https://poketo-image-proxy.now.sh?url=https%3A%2F%2Fraw.senmanga.com%2Fviewer%2FYotsubato%21%2F82%2F22%3Ftoken%3D12norzsrobp2l.130zoyfhm87ff&headers=%7B%22Referer%22%3A%22http%3A%2F%2Flocalhost%3A57172%2FYotsubato%21%2F82%22%2C%22Cookie%22%3A%22PHPSESSID%3Dhb1jn72kbom4ketd0igvujdop5%22%7D",
  },
  Object {
    "id": "https://poketo-image-proxy.now.sh?url=https%3A%2F%2Fraw.senmanga.com%2Fviewer%2FYotsubato%21%2F82%2F23%3Ftoken%3D12norzsrobp2l.130zoyfhm87ff&headers=%7B%22Referer%22%3A%22http%3A%2F%2Flocalhost%3A57172%2FYotsubato%21%2F82%22%2C%22Cookie%22%3A%22PHPSESSID%3Dhb1jn72kbom4ketd0igvujdop5%22%7D",
    "url": "https://poketo-image-proxy.now.sh?url=https%3A%2F%2Fraw.senmanga.com%2Fviewer%2FYotsubato%21%2F82%2F23%3Ftoken%3D12norzsrobp2l.130zoyfhm87ff&headers=%7B%22Referer%22%3A%22http%3A%2F%2Flocalhost%3A57172%2FYotsubato%21%2F82%22%2C%22Cookie%22%3A%22PHPSESSID%3Dhb1jn72kbom4ketd0igvujdop5%22%7D",
  },
  Object {
    "id": "https://poketo-image-proxy.now.sh?url=https%3A%2F%2Fraw.senmanga.com%2Fviewer%2FYotsubato%21%2F82%2F24%3Ftoken%3D12norzsrobp2l.130zoyfhm87ff&headers=%7B%22Referer%22%3A%22http%3A%2F%2Flocalhost%3A57172%2FYotsubato%21%2F82%22%2C%22Cookie%22%3A%22PHPSESSID%3Dhb1jn72kbom4ketd0igvujdop5%22%7D",
    "url": "https://poketo-image-proxy.now.sh?url=https%3A%2F%2Fraw.senmanga.com%2Fviewer%2FYotsubato%21%2F82%2F24%3Ftoken%3D12norzsrobp2l.130zoyfhm87ff&headers=%7B%22Referer%22%3A%22http%3A%2F%2Flocalhost%3A57172%2FYotsubato%21%2F82%22%2C%22Cookie%22%3A%22PHPSESSID%3Dhb1jn72kbom4ketd0igvujdop5%22%7D",
  },
  Object {
    "id": "https://poketo-image-proxy.now.sh?url=https%3A%2F%2Fraw.senmanga.com%2Fviewer%2FYotsubato%21%2F82%2F25%3Ftoken%3D12norzsrobp2l.130zoyfhm87ff&headers=%7B%22Referer%22%3A%22http%3A%2F%2Flocalhost%3A57172%2FYotsubato%21%2F82%22%2C%22Cookie%22%3A%22PHPSESSID%3Dhb1jn72kbom4ketd0igvujdop5%22%7D",
    "url": "https://poketo-image-proxy.now.sh?url=https%3A%2F%2Fraw.senmanga.com%2Fviewer%2FYotsubato%21%2F82%2F25%3Ftoken%3D12norzsrobp2l.130zoyfhm87ff&headers=%7B%22Referer%22%3A%22http%3A%2F%2Flocalhost%3A57172%2FYotsubato%21%2F82%22%2C%22Cookie%22%3A%22PHPSESSID%3Dhb1jn72kbom4ketd0igvujdop5%22%7D",
  },
  Object {
    "id": "https://poketo-image-proxy.now.sh?url=https%3A%2F%2Fraw.senmanga.com%2Fviewer%2FYotsubato%21%2F82%2F26%3Ftoken%3D12norzsrobp2l.130zoyfhm87ff&headers=%7B%22Referer%22%3A%22http%3A%2F%2Flocalhost%3A57172%2FYotsubato%21%2F82%22%2C%22Cookie%22%3A%22PHPSESSID%3Dhb1jn72kbom4ketd0igvujdop5%22%7D",
    "url": "https://poketo-image-proxy.now.sh?url=https%3A%2F%2Fraw.senmanga.com%2Fviewer%2FYotsubato%21%2F82%2F26%3Ftoken%3D12norzsrobp2l.130zoyfhm87ff&headers=%7B%22Referer%22%3A%22http%3A%2F%2Flocalhost%3A57172%2FYotsubato%21%2F82%22%2C%22Cookie%22%3A%22PHPSESSID%3Dhb1jn72kbom4ketd0igvujdop5%22%7D",
  },
  Object {
    "id": "https://poketo-image-proxy.now.sh?url=https%3A%2F%2Fraw.senmanga.com%2Fviewer%2FYotsubato%21%2F82%2F27%3Ftoken%3D12norzsrobp2l.130zoyfhm87ff&headers=%7B%22Referer%22%3A%22http%3A%2F%2Flocalhost%3A57172%2FYotsubato%21%2F82%22%2C%22Cookie%22%3A%22PHPSESSID%3Dhb1jn72kbom4ketd0igvujdop5%22%7D",
    "url": "https://poketo-image-proxy.now.sh?url=https%3A%2F%2Fraw.senmanga.com%2Fviewer%2FYotsubato%21%2F82%2F27%3Ftoken%3D12norzsrobp2l.130zoyfhm87ff&headers=%7B%22Referer%22%3A%22http%3A%2F%2Flocalhost%3A57172%2FYotsubato%21%2F82%22%2C%22Cookie%22%3A%22PHPSESSID%3Dhb1jn72kbom4ketd0igvujdop5%22%7D",
  },
  Object {
    "id": "https://poketo-image-proxy.now.sh?url=https%3A%2F%2Fraw.senmanga.com%2Fviewer%2FYotsubato%21%2F82%2F28%3Ftoken%3D12norzsrobp2l.130zoyfhm87ff&headers=%7B%22Referer%22%3A%22http%3A%2F%2Flocalhost%3A57172%2FYotsubato%21%2F82%22%2C%22Cookie%22%3A%22PHPSESSID%3Dhb1jn72kbom4ketd0igvujdop5%22%7D",
    "url": "https://poketo-image-proxy.now.sh?url=https%3A%2F%2Fraw.senmanga.com%2Fviewer%2FYotsubato%21%2F82%2F28%3Ftoken%3D12norzsrobp2l.130zoyfhm87ff&headers=%7B%22Referer%22%3A%22http%3A%2F%2Flocalhost%3A57172%2FYotsubato%21%2F82%22%2C%22Cookie%22%3A%22PHPSESSID%3Dhb1jn72kbom4ketd0igvujdop5%22%7D",
  },
  Object {
    "id": "https://poketo-image-proxy.now.sh?url=https%3A%2F%2Fraw.senmanga.com%2Fviewer%2FYotsubato%21%2F82%2F29%3Ftoken%3D12norzsrobp2l.130zoyfhm87ff&headers=%7B%22Referer%22%3A%22http%3A%2F%2Flocalhost%3A57172%2FYotsubato%21%2F82%22%2C%22Cookie%22%3A%22PHPSESSID%3Dhb1jn72kbom4ketd0igvujdop5%22%7D",
    "url": "https://poketo-image-proxy.now.sh?url=https%3A%2F%2Fraw.senmanga.com%2Fviewer%2FYotsubato%21%2F82%2F29%3Ftoken%3D12norzsrobp2l.130zoyfhm87ff&headers=%7B%22Referer%22%3A%22http%3A%2F%2Flocalhost%3A57172%2FYotsubato%21%2F82%22%2C%22Cookie%22%3A%22PHPSESSID%3Dhb1jn72kbom4ketd0igvujdop5%22%7D",
  },
  Object {
    "id": "https://poketo-image-proxy.now.sh?url=https%3A%2F%2Fraw.senmanga.com%2Fviewer%2FYotsubato%21%2F82%2F30%3Ftoken%3D12norzsrobp2l.130zoyfhm87ff&headers=%7B%22Referer%22%3A%22http%3A%2F%2Flocalhost%3A57172%2FYotsubato%21%2F82%22%2C%22Cookie%22%3A%22PHPSESSID%3Dhb1jn72kbom4ketd0igvujdop5%22%7D",
    "url": "https://poketo-image-proxy.now.sh?url=https%3A%2F%2Fraw.senmanga.com%2Fviewer%2FYotsubato%21%2F82%2F30%3Ftoken%3D12norzsrobp2l.130zoyfhm87ff&headers=%7B%22Referer%22%3A%22http%3A%2F%2Flocalhost%3A57172%2FYotsubato%21%2F82%22%2C%22Cookie%22%3A%22PHPSESSID%3Dhb1jn72kbom4ketd0igvujdop5%22%7D",
  },
  Object {
    "id": "https://poketo-image-proxy.now.sh?url=https%3A%2F%2Fraw.senmanga.com%2Fviewer%2FYotsubato%21%2F82%2F31%3Ftoken%3D12norzsrobp2l.130zoyfhm87ff&headers=%7B%22Referer%22%3A%22http%3A%2F%2Flocalhost%3A57172%2FYotsubato%21%2F82%22%2C%22Cookie%22%3A%22PHPSESSID%3Dhb1jn72kbom4ketd0igvujdop5%22%7D",
    "url": "https://poketo-image-proxy.now.sh?url=https%3A%2F%2Fraw.senmanga.com%2Fviewer%2FYotsubato%21%2F82%2F31%3Ftoken%3D12norzsrobp2l.130zoyfhm87ff&headers=%7B%22Referer%22%3A%22http%3A%2F%2Flocalhost%3A57172%2FYotsubato%21%2F82%22%2C%22Cookie%22%3A%22PHPSESSID%3Dhb1jn72kbom4ketd0igvujdop5%22%7D",
  },
  Object {
    "id": "https://poketo-image-proxy.now.sh?url=https%3A%2F%2Fraw.senmanga.com%2Fviewer%2FYotsubato%21%2F82%2F32%3Ftoken%3D12norzsrobp2l.130zoyfhm87ff&headers=%7B%22Referer%22%3A%22http%3A%2F%2Flocalhost%3A57172%2FYotsubato%21%2F82%22%2C%22Cookie%22%3A%22PHPSESSID%3Dhb1jn72kbom4ketd0igvujdop5%22%7D",
    "url": "https://poketo-image-proxy.now.sh?url=https%3A%2F%2Fraw.senmanga.com%2Fviewer%2FYotsubato%21%2F82%2F32%3Ftoken%3D12norzsrobp2l.130zoyfhm87ff&headers=%7B%22Referer%22%3A%22http%3A%2F%2Flocalhost%3A57172%2FYotsubato%21%2F82%22%2C%22Cookie%22%3A%22PHPSESSID%3Dhb1jn72kbom4ketd0igvujdop5%22%7D",
  },
  Object {
    "id": "https://poketo-image-proxy.now.sh?url=https%3A%2F%2Fraw.senmanga.com%2Fviewer%2FYotsubato%21%2F82%2F33%3Ftoken%3D12norzsrobp2l.130zoyfhm87ff&headers=%7B%22Referer%22%3A%22http%3A%2F%2Flocalhost%3A57172%2FYotsubato%21%2F82%22%2C%22Cookie%22%3A%22PHPSESSID%3Dhb1jn72kbom4ketd0igvujdop5%22%7D",
    "url": "https://poketo-image-proxy.now.sh?url=https%3A%2F%2Fraw.senmanga.com%2Fviewer%2FYotsubato%21%2F82%2F33%3Ftoken%3D12norzsrobp2l.130zoyfhm87ff&headers=%7B%22Referer%22%3A%22http%3A%2F%2Flocalhost%3A57172%2FYotsubato%21%2F82%22%2C%22Cookie%22%3A%22PHPSESSID%3Dhb1jn72kbom4ketd0igvujdop5%22%7D",
  },
  Object {
    "id": "https://poketo-image-proxy.now.sh?url=https%3A%2F%2Fraw.senmanga.com%2Fviewer%2FYotsubato%21%2F82%2F34%3Ftoken%3D12norzsrobp2l.130zoyfhm87ff&headers=%7B%22Referer%22%3A%22http%3A%2F%2Flocalhost%3A57172%2FYotsubato%21%2F82%22%2C%22Cookie%22%3A%22PHPSESSID%3Dhb1jn72kbom4ketd0igvujdop5%22%7D",
    "url": "https://poketo-image-proxy.now.sh?url=https%3A%2F%2Fraw.senmanga.com%2Fviewer%2FYotsubato%21%2F82%2F34%3Ftoken%3D12norzsrobp2l.130zoyfhm87ff&headers=%7B%22Referer%22%3A%22http%3A%2F%2Flocalhost%3A57172%2FYotsubato%21%2F82%22%2C%22Cookie%22%3A%22PHPSESSID%3Dhb1jn72kbom4ketd0igvujdop5%22%7D",
  },
  Object {
    "id": "https://poketo-image-proxy.now.sh?url=https%3A%2F%2Fraw.senmanga.com%2Fviewer%2FYotsubato%21%2F82%2F35%3Ftoken%3D12norzsrobp2l.130zoyfhm87ff&headers=%7B%22Referer%22%3A%22http%3A%2F%2Flocalhost%3A57172%2FYotsubato%21%2F82%22%2C%22Cookie%22%3A%22PHPSESSID%3Dhb1jn72kbom4ketd0igvujdop5%22%7D",
    "url": "https://poketo-image-proxy.now.sh?url=https%3A%2F%2Fraw.senmanga.com%2Fviewer%2FYotsubato%21%2F82%2F35%3Ftoken%3D12norzsrobp2l.130zoyfhm87ff&headers=%7B%22Referer%22%3A%22http%3A%2F%2Flocalhost%3A57172%2FYotsubato%21%2F82%22%2C%22Cookie%22%3A%22PHPSESSID%3Dhb1jn72kbom4ketd0igvujdop5%22%7D",
  },
  Object {
    "id": "https://poketo-image-proxy.now.sh?url=https%3A%2F%2Fraw.senmanga.com%2Fviewer%2FYotsubato%21%2F82%2F36%3Ftoken%3D12norzsrobp2l.130zoyfhm87ff&headers=%7B%22Referer%22%3A%22http%3A%2F%2Flocalhost%3A57172%2FYotsubato%21%2F82%22%2C%22Cookie%22%3A%22PHPSESSID%3Dhb1jn72kbom4ketd0igvujdop5%22%7D",
    "url": "https://poketo-image-proxy.now.sh?url=https%3A%2F%2Fraw.senmanga.com%2Fviewer%2FYotsubato%21%2F82%2F36%3Ftoken%3D12norzsrobp2l.130zoyfhm87ff&headers=%7B%22Referer%22%3A%22http%3A%2F%2Flocalhost%3A57172%2FYotsubato%21%2F82%22%2C%22Cookie%22%3A%22PHPSESSID%3Dhb1jn72kbom4ketd0igvujdop5%22%7D",
  },
  Object {
    "id": "https://poketo-image-proxy.now.sh?url=https%3A%2F%2Fraw.senmanga.com%2Fviewer%2FYotsubato%21%2F82%2F37%3Ftoken%3D12norzsrobp2l.130zoyfhm87ff&headers=%7B%22Referer%22%3A%22http%3A%2F%2Flocalhost%3A57172%2FYotsubato%21%2F82%22%2C%22Cookie%22%3A%22PHPSESSID%3Dhb1jn72kbom4ketd0igvujdop5%22%7D",
    "url": "https://poketo-image-proxy.now.sh?url=https%3A%2F%2Fraw.senmanga.com%2Fviewer%2FYotsubato%21%2F82%2F37%3Ftoken%3D12norzsrobp2l.130zoyfhm87ff&headers=%7B%22Referer%22%3A%22http%3A%2F%2Flocalhost%3A57172%2FYotsubato%21%2F82%22%2C%22Cookie%22%3A%22PHPSESSID%3Dhb1jn72kbom4ketd0igvujdop5%22%7D",
  },
  Object {
    "id": "https://poketo-image-proxy.now.sh?url=https%3A%2F%2Fraw.senmanga.com%2Fviewer%2FYotsubato%21%2F82%2F38%3Ftoken%3D12norzsrobp2l.130zoyfhm87ff&headers=%7B%22Referer%22%3A%22http%3A%2F%2Flocalhost%3A57172%2FYotsubato%21%2F82%22%2C%22Cookie%22%3A%22PHPSESSID%3Dhb1jn72kbom4ketd0igvujdop5%22%7D",
    "url": "https://poketo-image-proxy.now.sh?url=https%3A%2F%2Fraw.senmanga.com%2Fviewer%2FYotsubato%21%2F82%2F38%3Ftoken%3D12norzsrobp2l.130zoyfhm87ff&headers=%7B%22Referer%22%3A%22http%3A%2F%2Flocalhost%3A57172%2FYotsubato%21%2F82%22%2C%22Cookie%22%3A%22PHPSESSID%3Dhb1jn72kbom4ketd0igvujdop5%22%7D",
  },
  Object {
    "id": "https://poketo-image-proxy.now.sh?url=https%3A%2F%2Fraw.senmanga.com%2Fviewer%2FYotsubato%21%2F82%2F39%3Ftoken%3D12norzsrobp2l.130zoyfhm87ff&headers=%7B%22Referer%22%3A%22http%3A%2F%2Flocalhost%3A57172%2FYotsubato%21%2F82%22%2C%22Cookie%22%3A%22PHPSESSID%3Dhb1jn72kbom4ketd0igvujdop5%22%7D",
    "url": "https://poketo-image-proxy.now.sh?url=https%3A%2F%2Fraw.senmanga.com%2Fviewer%2FYotsubato%21%2F82%2F39%3Ftoken%3D12norzsrobp2l.130zoyfhm87ff&headers=%7B%22Referer%22%3A%22http%3A%2F%2Flocalhost%3A57172%2FYotsubato%21%2F82%22%2C%22Cookie%22%3A%22PHPSESSID%3Dhb1jn72kbom4ketd0igvujdop5%22%7D",
  },
  Object {
    "id": "https://poketo-image-proxy.now.sh?url=https%3A%2F%2Fraw.senmanga.com%2Fviewer%2FYotsubato%21%2F82%2F40%3Ftoken%3D12norzsrobp2l.130zoyfhm87ff&headers=%7B%22Referer%22%3A%22http%3A%2F%2Flocalhost%3A57172%2FYotsubato%21%2F82%22%2C%22Cookie%22%3A%22PHPSESSID%3Dhb1jn72kbom4ketd0igvujdop5%22%7D",
    "url": "https://poketo-image-proxy.now.sh?url=https%3A%2F%2Fraw.senmanga.com%2Fviewer%2FYotsubato%21%2F82%2F40%3Ftoken%3D12norzsrobp2l.130zoyfhm87ff&headers=%7B%22Referer%22%3A%22http%3A%2F%2Flocalhost%3A57172%2FYotsubato%21%2F82%22%2C%22Cookie%22%3A%22PHPSESSID%3Dhb1jn72kbom4ketd0igvujdop5%22%7D",
  },
  Object {
    "id": "https://poketo-image-proxy.now.sh?url=https%3A%2F%2Fraw.senmanga.com%2Fviewer%2FYotsubato%21%2F82%2F41%3Ftoken%3D12norzsrobp2l.130zoyfhm87ff&headers=%7B%22Referer%22%3A%22http%3A%2F%2Flocalhost%3A57172%2FYotsubato%21%2F82%22%2C%22Cookie%22%3A%22PHPSESSID%3Dhb1jn72kbom4ketd0igvujdop5%22%7D",
    "url": "https://poketo-image-proxy.now.sh?url=https%3A%2F%2Fraw.senmanga.com%2Fviewer%2FYotsubato%21%2F82%2F41%3Ftoken%3D12norzsrobp2l.130zoyfhm87ff&headers=%7B%22Referer%22%3A%22http%3A%2F%2Flocalhost%3A57172%2FYotsubato%21%2F82%22%2C%22Cookie%22%3A%22PHPSESSID%3Dhb1jn72kbom4ketd0igvujdop5%22%7D",
  },
  Object {
    "id": "https://poketo-image-proxy.now.sh?url=https%3A%2F%2Fraw.senmanga.com%2Fviewer%2FYotsubato%21%2F82%2F42%3Ftoken%3D12norzsrobp2l.130zoyfhm87ff&headers=%7B%22Referer%22%3A%22http%3A%2F%2Flocalhost%3A57172%2FYotsubato%21%2F82%22%2C%22Cookie%22%3A%22PHPSESSID%3Dhb1jn72kbom4ketd0igvujdop5%22%7D",
    "url": "https://poketo-image-proxy.now.sh?url=https%3A%2F%2Fraw.senmanga.com%2Fviewer%2FYotsubato%21%2F82%2F42%3Ftoken%3D12norzsrobp2l.130zoyfhm87ff&headers=%7B%22Referer%22%3A%22http%3A%2F%2Flocalhost%3A57172%2FYotsubato%21%2F82%22%2C%22Cookie%22%3A%22PHPSESSID%3Dhb1jn72kbom4ketd0igvujdop5%22%7D",
  },
  Object {
    "id": "https://poketo-image-proxy.now.sh?url=https%3A%2F%2Fraw.senmanga.com%2Fviewer%2FYotsubato%21%2F82%2F43%3Ftoken%3D12norzsrobp2l.130zoyfhm87ff&headers=%7B%22Referer%22%3A%22http%3A%2F%2Flocalhost%3A57172%2FYotsubato%21%2F82%22%2C%22Cookie%22%3A%22PHPSESSID%3Dhb1jn72kbom4ketd0igvujdop5%22%7D",
    "url": "https://poketo-image-proxy.now.sh?url=https%3A%2F%2Fraw.senmanga.com%2Fviewer%2FYotsubato%21%2F82%2F43%3Ftoken%3D12norzsrobp2l.130zoyfhm87ff&headers=%7B%22Referer%22%3A%22http%3A%2F%2Flocalhost%3A57172%2FYotsubato%21%2F82%22%2C%22Cookie%22%3A%22PHPSESSID%3Dhb1jn72kbom4ketd0igvujdop5%22%7D",
  },
  Object {
    "id": "https://poketo-image-proxy.now.sh?url=https%3A%2F%2Fraw.senmanga.com%2Fviewer%2FYotsubato%21%2F82%2F44%3Ftoken%3D12norzsrobp2l.130zoyfhm87ff&headers=%7B%22Referer%22%3A%22http%3A%2F%2Flocalhost%3A57172%2FYotsubato%21%2F82%22%2C%22Cookie%22%3A%22PHPSESSID%3Dhb1jn72kbom4ketd0igvujdop5%22%7D",
    "url": "https://poketo-image-proxy.now.sh?url=https%3A%2F%2Fraw.senmanga.com%2Fviewer%2FYotsubato%21%2F82%2F44%3Ftoken%3D12norzsrobp2l.130zoyfhm87ff&headers=%7B%22Referer%22%3A%22http%3A%2F%2Flocalhost%3A57172%2FYotsubato%21%2F82%22%2C%22Cookie%22%3A%22PHPSESSID%3Dhb1jn72kbom4ketd0igvujdop5%22%7D",
  },
  Object {
    "id": "https://poketo-image-proxy.now.sh?url=https%3A%2F%2Fraw.senmanga.com%2Fviewer%2FYotsubato%21%2F82%2F45%3Ftoken%3D12norzsrobp2l.130zoyfhm87ff&headers=%7B%22Referer%22%3A%22http%3A%2F%2Flocalhost%3A57172%2FYotsubato%21%2F82%22%2C%22Cookie%22%3A%22PHPSESSID%3Dhb1jn72kbom4ketd0igvujdop5%22%7D",
    "url": "https://poketo-image-proxy.now.sh?url=https%3A%2F%2Fraw.senmanga.com%2Fviewer%2FYotsubato%21%2F82%2F45%3Ftoken%3D12norzsrobp2l.130zoyfhm87ff&headers=%7B%22Referer%22%3A%22http%3A%2F%2Flocalhost%3A57172%2FYotsubato%21%2F82%22%2C%22Cookie%22%3A%22PHPSESSID%3Dhb1jn72kbom4ketd0igvujdop5%22%7D",
  },
]
`;

exports[`SenMangaAdapter getSeries returns a metadata object 1`] = `
Object {
  "coverImageUrl": "http://localhost:57172/covers/Yotsubato!.jpg",
  "slug": "Yotsubato!",
  "title": "Yotsubato!",
  "url": "http://localhost:57172/Yotsubato!",
}
`;

exports[`SenMangaAdapter getSeries returns a metadata object 2`] = `
Object {
  "chapterNumber": "82",
  "createdAt": Any<Number>,
  "slug": "82",
  "title": undefined,
  "url": "http://localhost:57172/Yotsubato!/82",
}
`;
