// Jest Snapshot v1, https://goo.gl/fbAQLP

exports[`SenseScansAdapter getSeries returns a metadata object 1`] = `
Object {
  "slug": "kingdom",
  "title": "Kingdom",
  "url": "https://sensescans.com/reader/series/kingdom",
}
`;

exports[`SenseScansAdapter getSeries returns a metadata object 2`] = `
Array [
  Object {
    "chapterNumber": "550",
    "createdAt": 1520340128,
    "slug": "en/51/550",
    "url": "https://sensescans.com/reader/read/kingdom/en/51/550/page/1",
    "volumeNumber": "51",
  },
]
`;
