// Jest Snapshot v1, https://goo.gl/fbAQLP

exports[`SenseScansAdapter getSeries returns a metadata object 1`] = `
Object {
  "coverImageUrl": "http://sensescans.com/reader/content/comics/kingdom_5736e592da0a7/thumb_kingdom.png",
  "slug": "kingdom",
  "title": "Kingdom",
  "url": "https://sensescans.com/reader/series/kingdom",
}
`;

exports[`SenseScansAdapter getSeries returns a metadata object 2`] = `
Array [
  Object {
    "chapterNumber": "566",
    "createdAt": 1531948698,
    "slug": "en/52/566",
    "url": "https://sensescans.com/reader/read/kingdom/en/52/566/page/1",
    "volumeNumber": "52",
  },
  Object {
    "chapterNumber": "568",
    "createdAt": 1533701318,
    "slug": "en/52/568",
    "url": "https://sensescans.com/reader/read/kingdom/en/52/568/page/1",
    "volumeNumber": "52",
  },
]
`;
