// Jest Snapshot v1, https://goo.gl/fbAQLP

exports[`SilentSkyScans getSeries returns a metadata object 1`] = `
Object {
  "author": null,
  "coverImageUrl": "http://reader.silentsky-scans.net/content/comics/all_rounder_meguru__51c584cb54c37/thumb_v12.jpg",
  "description": "Meguru joins a mixed martial arts gym hoping to become stronger. 
He meets an old childhood friend who is practicing the same kind of shooto martial arts, and who harbors a dark secret related to their past.",
  "id": "silent-sky-scans:all_rounder_meguru_",
  "site": Object {
    "id": "silent-sky-scans",
    "name": "Silent Sky Scans",
  },
  "slug": "all_rounder_meguru_",
  "status": "UNKNOWN",
  "supportsReading": true,
  "title": "All Rounder Meguru",
  "updatedAt": Any<Number>,
  "url": "http://localhost:57169/series/all_rounder_meguru_",
}
`;

exports[`SilentSkyScans getSeries returns a metadata object 2`] = `
Array [
  Object {
    "chapterNumber": "81",
    "createdAt": 1394828845,
    "id": "silent-sky-scans:all_rounder_meguru_:en/9/81",
    "slug": "en/9/81",
    "title": "Keiji Mitsuya",
    "url": "http://localhost:57169/read/all_rounder_meguru_/en/9/81/page/1",
    "volumeNumber": "9",
  },
  Object {
    "chapterNumber": "64",
    "createdAt": 1371899118,
    "id": "silent-sky-scans:all_rounder_meguru_:en/7/64",
    "slug": "en/7/64",
    "title": "Ten Years, Part 2",
    "url": "http://localhost:57169/read/all_rounder_meguru_/en/7/64/page/1",
    "volumeNumber": "7",
  },
]
`;
