// Jest Snapshot v1, https://goo.gl/fbAQLP

exports[`TukiScans getSeries returns a metadata object 1`] = `
Object {
  "author": "namo.",
  "coverImageUrl": "https://reader.tukimoop.pw/content/comics/madoromi-chan_5a5435fb56565/thumb_thumb.jpg",
  "description": "A wonderful slice of life comedy about the daily life of an innocent horned girl named Madoromi and her caretaker human Taichii and their adventures and exploits in life.

- Taken from the MAL listing of Madoromi-chan ga Iku.",
  "id": "tuki-scans:madoromi-chan",
  "publicationStatus": "UNKNOWN",
  "site": Object {
    "id": "tuki-scans",
    "name": "Tuki Scans",
  },
  "slug": "madoromi-chan",
  "supportsReading": true,
  "title": "Madoromi-chan ga Iku.",
  "updatedAt": Any<Number>,
  "url": "http://localhost:57170/series/madoromi-chan",
}
`;

exports[`TukiScans getSeries returns a metadata object 2`] = `
Array [
  Object {
    "chapterNumber": "17",
    "createdAt": 1526129849,
    "id": "tuki-scans:madoromi-chan:en/2/17",
    "slug": "en/2/17",
    "url": "http://localhost:57170/read/madoromi-chan/en/2/17/page/1",
    "volumeNumber": "2",
  },
]
`;
