// Jest Snapshot v1, https://goo.gl/fbAQLP

exports[`TukiScansAdapter getSeries returns a metadata object 1`] = `
Object {
  "coverImageUrl": "https://reader.tukimoop.pw/content/comics/madoromi-chan_5a5435fb56565/thumb_thumb.jpg",
  "slug": "madoromi-chan",
  "title": "Madoromi-chan ga Iku.",
  "url": "http://localhost:57170/series/madoromi-chan",
}
`;

exports[`TukiScansAdapter getSeries returns a metadata object 2`] = `
Array [
  Object {
    "chapterNumber": "17",
    "createdAt": 1526129849,
    "slug": "en/2/17",
    "url": "http://localhost:57170/read/madoromi-chan/en/2/17/page/1",
    "volumeNumber": "2",
  },
]
`;
